../MEMS/App/app_mems.c:57:6:MX_MEMS_Init	8	static
../MEMS/App/app_mems.c:79:6:MX_MEMS_Process	8	static
../MEMS/App/app_mems.c:96:6:MX_IKS02A1_DataLogTerminal_Init	56	static
../MEMS/App/app_mems.c:146:6:BSP_PB_Callback	16	static
../MEMS/App/app_mems.c:155:6:MX_IKS02A1_DataLogTerminal_Process	16	static
../MEMS/App/app_mems.c:202:13:floatToInt	32	static
../MEMS/App/app_mems.c:224:13:Accelero_Sensor_Handler	96	static
../MEMS/App/app_mems.c:288:13:Gyro_Sensor_Handler	96	static
../MEMS/App/app_mems.c:352:13:Magneto_Sensor_Handler	96	static
