../Core/Src/main.c:92:6:process_fft	16	static
../Core/Src/main.c:110:5:_write	24	static
../Core/Src/main.c:122:5:main	16	static
../Core/Src/main.c:195:6:SystemClock_Config	88	static
../Core/Src/main.c:242:13:MX_ADC1_Init	24	static
../Core/Src/main.c:300:13:MX_TIM2_Init	48	static
../Core/Src/main.c:348:13:MX_USART2_UART_Init	8	static
../Core/Src/main.c:394:13:MX_DMA_Init	16	static
../Core/Src/main.c:412:13:MX_GPIO_Init	48	static
../Core/Src/main.c:438:6:HAL_ADC_ConvHalfCpltCallback	16	static
../Core/Src/main.c:443:6:HAL_ADC_ConvCpltCallback	16	static
../Core/Src/main.c:454:6:Error_Handler	8	static,ignoring_inline_asm
