../Core/Src/main.c:70:5:_write	24	static
../Core/Src/main.c:81:5:main	8	static
../Core/Src/main.c:132:6:SystemClock_Config	88	static
../Core/Src/main.c:179:13:MX_ADC1_Init	24	static
../Core/Src/main.c:247:13:MX_TIM2_Init	48	static
../Core/Src/main.c:295:13:MX_USART2_UART_Init	8	static
../Core/Src/main.c:341:13:MX_DMA_Init	16	static
../Core/Src/main.c:359:13:MX_GPIO_Init	16	static
../Core/Src/main.c:372:6:HAL_ADC_ConvCpltCallback	16	static
../Core/Src/main.c:384:6:Error_Handler	8	static,ignoring_inline_asm
