../Core/Src/main.c:75:5:_write	24	static
../Core/Src/main.c:87:5:main	8	static
../Core/Src/main.c:137:6:SystemClock_Config	88	static
../Core/Src/main.c:184:13:MX_ADC1_Init	24	static
../Core/Src/main.c:242:13:MX_TIM2_Init	48	static
../Core/Src/main.c:290:13:MX_USART2_UART_Init	8	static
../Core/Src/main.c:336:13:MX_DMA_Init	16	static
../Core/Src/main.c:354:13:MX_GPIO_Init	24	static
../Core/Src/main.c:369:6:HAL_ADC_ConvCpltCallback	24	static
../Core/Src/main.c:388:6:HAL_TIM_PeriodElapsedCallback	16	static
../Core/Src/main.c:398:6:Error_Handler	8	static,ignoring_inline_asm
